[www.lulacafe.com/index.html]
[backblue.gif]
[fade.gif]
[index.html]
[media-cdn.getbento.com/accounts/7ddb4f625c4916181f9d829acbae6562/media/images/ashabhel-logo.png]
[images.getbento.com/accounts/7ddb4f625c4916181f9d829acbae6562/media/images/18166luna-logo1dd2.jpg]
[images.getbento.com/accounts/7ddb4f625c4916181f9d829acbae6562/media/images/ashabhel-logo.png]
[theme-assets.getbento.com/sensei/dce48e2.sensei/assets/js/head.min.js]
[www.google.com/recaptcha/api99ca.js]
[images.getbento.com/accounts/7ddb4f625c4916181f9d829acbae6562/media/images/73830StockLula_1c15e.jpg]
[www.lulacafe.com/about/index.html]
[www.lulacafe.com/location/lula-cafe/index.html]
[www.lulacafe.com/menus/index.html]
[www.lulacafe.com/community/index.html]
[www.lulacafe.com/catering-and-events/index.html]
[www.lulacafe.com/contact/index.html]
[images.getbento.com/accounts/7ddb4f625c4916181f9d829acbae6562/media/iKSqBLaTTagiL4Bt7UGA_Halibut_FarmJuly8c15e.jpg]
[www.lulacafe.com/store/index.html]
[www.lulacafe.com/press/index.html]
[images.getbento.com/accounts/7ddb4f625c4916181f9d829acbae6562/media/images/97442StockLula_10c15e.jpg]
[app.upserve.com/platform/olo-widget61a5.js]
[images.getbento.com/accounts/7ddb4f625c4916181f9d829acbae6562/media/images/33168catering-homec15e.jpg]
[www.lulacafe.com/index.html]
[theme-assets.getbento.com/sensei/dce48e2.sensei/assets/js/foot.libs.min.js]
[theme-assets.getbento.com/sensei/dce48e2.sensei/assets/js/bentobox.min.js]
[app-assets.getbento.com/alerts-component/7e64b3d/main.js]
[app-assets.getbento.com/analytics/a8b6087/bento-analytics.min.js]
[images.getbento.com/accounts/7ddb4f625c4916181f9d829acbae6562/media/images/525_LulaStaffPhoto_2018c15e.jpg]
[www.lulacafe.com/story/index.html]
[images.getbento.com/accounts/7ddb4f625c4916181f9d829acbae6562/media/images/49419StockLula_4c15e.jpg]
[www.lulacafe.com/our-mission-and-values/index.html]
[images.getbento.com/accounts/7ddb4f625c4916181f9d829acbae6562/media/images/53550Aboutc15e.jpg]
[images.getbento.com/accounts/7ddb4f625c4916181f9d829acbae6562/media/images/36519StockLula_6c15e.jpg]
[www.lulacafe.com/opportunities/index.html]
[images.getbento.com/accounts/7ddb4f625c4916181f9d829acbae6562/media/images/26683CF_21_2018_copyc15e.jpg]
[www.lulacafe.com/faq/index.html]
[images.getbento.com/accounts/7ddb4f625c4916181f9d829acbae6562/media/images/18545FAQc15e.jpg]
[www.lulacafe.com/about/index.html]
[images.getbento.com/accounts/7ddb4f625c4916181f9d829acbae6562/media/images/1710TeaCake_Aug2024388a.jpg]
[images.getbento.com/accounts/7ddb4f625c4916181f9d829acbae6562/media/images/35382Bombolone_July2024388a.jpg]
[images.getbento.com/accounts/7ddb4f625c4916181f9d829acbae6562/media/images/7914BerryDanish_June2024388a.jpg]
[images.getbento.com/accounts/7ddb4f625c4916181f9d829acbae6562/media/images/59654Pancakes_2021c15e.jpg]
[images.getbento.com/accounts/7ddb4f625c4916181f9d829acbae6562/media/images/3355BurritoAug15_Breakfast388a.jpg]
[images.getbento.com/accounts/7ddb4f625c4916181f9d829acbae6562/media/images/70921troutScram_2021c15e.jpg]
[images.getbento.com/accounts/7ddb4f625c4916181f9d829acbae6562/media/images/27233TofuScram_2021c15e.jpg]
[images.getbento.com/accounts/7ddb4f625c4916181f9d829acbae6562/media/images/17111FarrowQuinoa_2021c15e.jpg]
[images.getbento.com/accounts/7ddb4f625c4916181f9d829acbae6562/media/images/17658Granola_June2023388a.jpg]
[images.getbento.com/accounts/7ddb4f625c4916181f9d829acbae6562/media/images/11060Panzanella2_July2024388a.jpg]
[images.getbento.com/accounts/7ddb4f625c4916181f9d829acbae6562/media/images/61524CarawayCrepe_June2024388a.jpg]
[images.getbento.com/accounts/7ddb4f625c4916181f9d829acbae6562/media/images/80790FrenchToast_Aug2024388a.jpg]
[images.getbento.com/accounts/7ddb4f625c4916181f9d829acbae6562/media/images/12586Ommie_Aug2024388a.jpg]
[images.getbento.com/accounts/7ddb4f625c4916181f9d829acbae6562/media/images/59583Royale_July2024388a.jpg]
[images.getbento.com/accounts/7ddb4f625c4916181f9d829acbae6562/media/images/74740Polenta_July2024388a.jpg]
[images.getbento.com/accounts/7ddb4f625c4916181f9d829acbae6562/media/images/76804HouseSalad_2021c15e.jpg]
[images.getbento.com/accounts/7ddb4f625c4916181f9d829acbae6562/media/images/50202Caesar_2021c15e.jpg]
[images.getbento.com/accounts/7ddb4f625c4916181f9d829acbae6562/media/images/53092Bruschetta_2021c15e.jpg]
[images.getbento.com/accounts/7ddb4f625c4916181f9d829acbae6562/media/images/40047BakedFrenchFetaAug15388a.jpg]
[images.getbento.com/accounts/7ddb4f625c4916181f9d829acbae6562/media/images/61949TBC_2021c15e.jpg]
[images.getbento.com/accounts/7ddb4f625c4916181f9d829acbae6562/media/images/25010Tineka_2021c15e.jpg]
[images.getbento.com/accounts/7ddb4f625c4916181f9d829acbae6562/media/images/42611Snoodles_2021c15e.jpg]
[images.getbento.com/accounts/7ddb4f625c4916181f9d829acbae6562/media/images/61360Tagine_2021c15e.jpg]
[images.getbento.com/accounts/7ddb4f625c4916181f9d829acbae6562/media/images/71091YiaYia_Dec2021c15e.jpg]
[images.getbento.com/accounts/7ddb4f625c4916181f9d829acbae6562/media/images/33983Spaghetti_Dec2021c15e.jpg]
[images.getbento.com/accounts/7ddb4f625c4916181f9d829acbae6562/media/images/30746CarrotCake_Dec2021388a.jpg]
[images.getbento.com/accounts/7ddb4f625c4916181f9d829acbae6562/media/images/88867Olives_happyhour388a.jpg]
[images.getbento.com/accounts/7ddb4f625c4916181f9d829acbae6562/media/images/4308Nuts_HappyHour2024388a.jpg]
[images.getbento.com/accounts/7ddb4f625c4916181f9d829acbae6562/media/images/24795cruditeDip_happyhour388a.jpg]
[images.getbento.com/accounts/7ddb4f625c4916181f9d829acbae6562/media/images/47687AnchovyToast_HappyHour2024388a.jpg]
[images.getbento.com/accounts/7ddb4f625c4916181f9d829acbae6562/media/images/23817FourStarMushrooms_Mar2024388a.jpg]
[images.getbento.com/accounts/7ddb4f625c4916181f9d829acbae6562/media/images/6580Afogato_HappyHour388a.jpg]
[images.getbento.com/accounts/7ddb4f625c4916181f9d829acbae6562/media/images/10003Tagine_2021c15e.jpg]
[images.getbento.com/accounts/7ddb4f625c4916181f9d829acbae6562/media/images/10093RoastedChicken_Dec2021c15e.jpg]
[images.getbento.com/accounts/7ddb4f625c4916181f9d829acbae6562/media/images/38339FoccaciaSep2022388a.jpg]
[images.getbento.com/accounts/7ddb4f625c4916181f9d829acbae6562/media/images/28383Frites388a.jpg]
[images.getbento.com/accounts/7ddb4f625c4916181f9d829acbae6562/media/images/55729BabyCorn_Aug2024388a.jpg]
[images.getbento.com/accounts/7ddb4f625c4916181f9d829acbae6562/media/images/69958Melon_Aug2024388a.jpg]
[images.getbento.com/accounts/7ddb4f625c4916181f9d829acbae6562/media/images/42785LittleGem_July2024388a.jpg]
[images.getbento.com/accounts/7ddb4f625c4916181f9d829acbae6562/media/images/53620SummerSquash_July2024388a.jpg]
[images.getbento.com/accounts/7ddb4f625c4916181f9d829acbae6562/media/images/21690Mafaldine_July2024388a.jpg]
[images.getbento.com/accounts/7ddb4f625c4916181f9d829acbae6562/media/images/35067Risotto_Aug2024388a.jpg]
[images.getbento.com/accounts/7ddb4f625c4916181f9d829acbae6562/media/images/62782Trout_Aug2024388a.jpg]
[images.getbento.com/accounts/7ddb4f625c4916181f9d829acbae6562/media/images/72214AgedPorkChop_FarmAug2024388a.jpg]
[images.getbento.com/accounts/7ddb4f625c4916181f9d829acbae6562/media/images/13119chzplate388a.jpg]
[images.getbento.com/accounts/7ddb4f625c4916181f9d829acbae6562/media/images/21031PecorinoCake_Aug2024388a.jpg]
[images.getbento.com/accounts/7ddb4f625c4916181f9d829acbae6562/media/images/39715ChocolateSemi_July2024388a.jpg]
[images.getbento.com/accounts/7ddb4f625c4916181f9d829acbae6562/media/images/95383StrawberryShortcake_FarmJune2024388a.jpg]
[www.lulacafe.com/menus/index.html]
[www.lulacafe.com/location/lula-cafe/index.html]
[images.getbento.com/accounts/7ddb4f625c4916181f9d829acbae6562/media/images/rsw_500h_500cg_true7c0c.jpg]
[images.getbento.com/accounts/7ddb4f625c4916181f9d829acbae6562/media/images/HighRoadKitchen_logo_instagram7c0c.jpg]
[images.getbento.com/accounts/7ddb4f625c4916181f9d829acbae6562/media/images/OFW-logo7c0c.png]
[images.getbento.com/accounts/7ddb4f625c4916181f9d829acbae6562/media/images/73841IRC_logo7c0c.png]
[images.getbento.com/accounts/7ddb4f625c4916181f9d829acbae6562/media/images/PilotLight-turquoise7c0c.png]
[www.lulacafe.com/community/index.html]
[www.lulacafe.com/drop-off-catering/index.html]
[images.getbento.com/accounts/7ddb4f625c4916181f9d829acbae6562/media/images/31568drop-off-catering-minc15e.jpg]
[www.lulacafe.com/weddings/index.html]
[images.getbento.com/accounts/7ddb4f625c4916181f9d829acbae6562/media/images/4437image14c15e.jpg]
[api.tripleseat.com/v1/leads/ts_script405a.js]
[www.lulacafe.com/catering-and-events/index.html]
[images.getbento.com/accounts/7ddb4f625c4916181f9d829acbae6562/media/images/36520lula-product-28388a.jpg]
[www.lulacafe.com/store/cart/index.html]
[images.getbento.com/accounts/7ddb4f625c4916181f9d829acbae6562/media/images/91958the-lula-cafe-cookbook-en-6753-overview-3880_1388a.jpg]
[www.lulacafe.com/store/product/the-lula-cafe-cookbook-collected-recipes-and-stories/index.html]
[www.lulacafe.com/store/gift-cards/index.html]
[images.getbento.com/accounts/7ddb4f625c4916181f9d829acbae6562/media/images/2476IMG_3184388a.jpg]
[www.lulacafe.com/store/product/lula-cafe-x-cody-hudson-poster/index.html]
[images.getbento.com/accounts/7ddb4f625c4916181f9d829acbae6562/media/images/30679lula-product-20388a.jpg]
[www.lulacafe.com/store/product/lula-family-olive-oil/index.html]
[www.lulacafe.com/store/product/eyes-and-lips-carry-all-tote-1/index.html]
[images.getbento.com/accounts/7ddb4f625c4916181f9d829acbae6562/media/images/89021lula-product-square-crop-1-11388a.jpg]
[images.getbento.com/accounts/7ddb4f625c4916181f9d829acbae6562/media/images/25902lula-product-9388a.jpg]
[www.lulacafe.com/store/product/eyes-and-lips-single-pocket-tote-1/index.html]
[images.getbento.com/accounts/7ddb4f625c4916181f9d829acbae6562/media/images/99852lula-product-4388a.jpg]
[www.lulacafe.com/store/product/lula-family-olive-oil-copy/index.html]
[images.getbento.com/accounts/7ddb4f625c4916181f9d829acbae6562/media/images/66380lula-product-22388a.jpg]
[www.lulacafe.com/store/product/lula-wine-tote/index.html]
[images.getbento.com/accounts/7ddb4f625c4916181f9d829acbae6562/media/images/69212LulaHoodie388a.jpg]
[www.lulacafe.com/store/product/lula-hoodie/index.html]
[images.getbento.com/accounts/7ddb4f625c4916181f9d829acbae6562/media/images/32362024pullover388a.jpg]
[www.lulacafe.com/store/index.html]
[www.lulacafe.com/store/product/Sweatshirt/index.html]
[www.lulacafe.com/store/index905b.html]
[www.lulacafe.com/contact/index.html]
[images.getbento.com/accounts/7ddb4f625c4916181f9d829acbae6562/media/images/17460Welcome_Logo_1388a.jpg]
[media-cdn.getbento.com/accounts/7ddb4f625c4916181f9d829acbae6562/media/fKYHJQGSBy7XGVxgUWp3_Starchefs.png]
[images.getbento.com/accounts/7ddb4f625c4916181f9d829acbae6562/media/images/42110Starchefs388a.jpg]
[www.lulacafe.com/press/index.html]
[app.upserve.com/platform/12d456089d7fd15cdedb/public/images/upserve_loader_icon.png]
[app.upserve.com/platform/12d456089d7fd15cdedb/olo-widget.12d456089d7fd15cdedb.css]
[app.upserve.com/platform/9e6ceb65ca6d183922f4/public/images/upserve_loader_icon.png]
[app.upserve.com/platform/9e6ceb65ca6d183922f4/olo-widget.9e6ceb65ca6d183922f4.css]
[images.getbento.com/accounts/7ddb4f625c4916181f9d829acbae6562/media/images/Lula_Family7c0c.jpg]
[www.lulacafe.com/story/index.html]
[www.lulacafe.com/our-mission-and-values/index.html]
[www.lulacafe.com/opportunities/index.html]
[www.lulacafe.com/faq/index.html]
[images.getbento.com/accounts/7ddb4f625c4916181f9d829acbae6562/media/images/50203salad1c15e.jpg]
[www.lulacafe.com/event-form/index.html]
[images.getbento.com/accounts/7ddb4f625c4916181f9d829acbae6562/media/images/39792Boxed_Bagel_and_Loxc15e.jpg]
[images.getbento.com/accounts/7ddb4f625c4916181f9d829acbae6562/media/images/31902Boxed_Squash_Dinnerc15e.jpg]
[images.getbento.com/accounts/7ddb4f625c4916181f9d829acbae6562/media/images/46495Boxed_Salmon_Dinnerc15e.jpg]
[www.lulacafe.com/drop-off-catering/index.html]
[images.getbento.com/accounts/7ddb4f625c4916181f9d829acbae6562/media/images/32560image10c15e.jpg]
[images.getbento.com/accounts/7ddb4f625c4916181f9d829acbae6562/media/images/86612social-corporate-3c15e.jpg]
[images.getbento.com/accounts/7ddb4f625c4916181f9d829acbae6562/media/images/66195social-corporate-2c15e.jpg]
[images.getbento.com/accounts/7ddb4f625c4916181f9d829acbae6562/media/images/63463social-corporate-1c15e.jpg]
[images.getbento.com/accounts/7ddb4f625c4916181f9d829acbae6562/media/images/97981image2c15e.jpg]
[images.getbento.com/accounts/7ddb4f625c4916181f9d829acbae6562/media/images/8637image12c15e.jpg]
[images.getbento.com/accounts/7ddb4f625c4916181f9d829acbae6562/media/images/73192image8c15e.jpg]
[images.getbento.com/accounts/7ddb4f625c4916181f9d829acbae6562/media/images/60224image15c15e.jpg]
[images.getbento.com/accounts/7ddb4f625c4916181f9d829acbae6562/media/images/29980image5c15e.jpg]
[www.lulacafe.com/weddings/index.html]
[www.lulacafe.com/store/cart/index.html]
[images.getbento.com/accounts/7ddb4f625c4916181f9d829acbae6562/media/images/28380gift-cards11d2.jpg]
[images.getbento.com/accounts/7ddb4f625c4916181f9d829acbae6562/media/images/28380gift-cardsc15e.jpg]
[www.lulacafe.com/store/gift-cards/index.html]
[images.getbento.com/accounts/7ddb4f625c4916181f9d829acbae6562/media/images/91958the-lula-cafe-cookbook-en-6753-overview-3880_111d2.jpg]
[images.getbento.com/accounts/7ddb4f625c4916181f9d829acbae6562/media/images/12401the-lula-cafe-cookbook-en-6753-standing-front-3880388a.jpg]
[images.getbento.com/accounts/7ddb4f625c4916181f9d829acbae6562/media/images/6385the-lula-cafe-cookbook-en-6753-pp58-59-3880388a.jpg]
[images.getbento.com/accounts/7ddb4f625c4916181f9d829acbae6562/media/images/7556the-lula-cafe-cookbook-en-6753-pp186-187-3880388a.jpg]
[images.getbento.com/accounts/7ddb4f625c4916181f9d829acbae6562/media/images/63792the-lula-cafe-cookbook-en-6753-pp44-45-3880388a.jpg]
[www.lulacafe.com/store/product/the-lula-cafe-cookbook-collected-recipes-and-stories/index.html]
[images.getbento.com/accounts/7ddb4f625c4916181f9d829acbae6562/media/images/2476IMG_318411d2.jpg]
[images.getbento.com/accounts/7ddb4f625c4916181f9d829acbae6562/media/images/4468IMG_3180388a.jpg]
[www.lulacafe.com/store/product/lula-cafe-x-cody-hudson-poster/index.html]
[images.getbento.com/accounts/7ddb4f625c4916181f9d829acbae6562/media/images/30679lula-product-2011d2.jpg]
[images.getbento.com/accounts/7ddb4f625c4916181f9d829acbae6562/media/images/19369lula-product-21388a.jpg]
[images.getbento.com/accounts/7ddb4f625c4916181f9d829acbae6562/media/images/4416evooLulaSep2022388a.jpg]
[www.lulacafe.com/store/product/lula-family-olive-oil/index.html]
[images.getbento.com/accounts/7ddb4f625c4916181f9d829acbae6562/media/images/89021lula-product-square-crop-1-1111d2.jpg]
[images.getbento.com/accounts/7ddb4f625c4916181f9d829acbae6562/media/images/64452lula-product-square-crop-1-14388a.jpg]
[images.getbento.com/accounts/7ddb4f625c4916181f9d829acbae6562/media/images/1106AndiBigTote388a.jpg]
[www.lulacafe.com/store/product/eyes-and-lips-carry-all-tote-1/index.html]
[images.getbento.com/accounts/7ddb4f625c4916181f9d829acbae6562/media/images/25902lula-product-911d2.jpg]
[images.getbento.com/accounts/7ddb4f625c4916181f9d829acbae6562/media/images/9467lula-product-10388a.jpg]
[images.getbento.com/accounts/7ddb4f625c4916181f9d829acbae6562/media/images/95061AndiLipsSmallTote388a.jpg]
[www.lulacafe.com/store/product/eyes-and-lips-single-pocket-tote-1/index.html]
[images.getbento.com/accounts/7ddb4f625c4916181f9d829acbae6562/media/images/99852lula-product-411d2.jpg]
[images.getbento.com/accounts/7ddb4f625c4916181f9d829acbae6562/media/images/23181lula-product-5388a.jpg]
[images.getbento.com/accounts/7ddb4f625c4916181f9d829acbae6562/media/images/3427AndiFingerTote388a.jpg]
[www.lulacafe.com/store/product/lula-family-olive-oil-copy/index.html]
[images.getbento.com/accounts/7ddb4f625c4916181f9d829acbae6562/media/images/66380lula-product-2211d2.jpg]
[images.getbento.com/accounts/7ddb4f625c4916181f9d829acbae6562/media/images/35500lula-product-23388a.jpg]
[images.getbento.com/accounts/7ddb4f625c4916181f9d829acbae6562/media/images/82634MiniTote388a.jpg]
[www.lulacafe.com/store/product/lula-wine-tote/index.html]
[images.getbento.com/accounts/7ddb4f625c4916181f9d829acbae6562/media/images/69212LulaHoodie11d2.jpg]
[images.getbento.com/accounts/7ddb4f625c4916181f9d829acbae6562/media/images/94700HoodieDetail388a.jpg]
[www.lulacafe.com/store/product/lula-hoodie/index.html]
[images.getbento.com/accounts/7ddb4f625c4916181f9d829acbae6562/media/images/32362024pullover11d2.jpg]
[www.lulacafe.com/store/product/Sweatshirt/index.html]
[images.getbento.com/accounts/7ddb4f625c4916181f9d829acbae6562/media/images/57968lula-product-18388a.jpg]
[images.getbento.com/accounts/7ddb4f625c4916181f9d829acbae6562/media/images/46908lula-product-19388a.jpg]
[www.lulacafe.com/store/product/yia-yia-toddler-tee-1/index.html]
[images.getbento.com/accounts/7ddb4f625c4916181f9d829acbae6562/media/images/51473lula-product-26388a.jpg]
[www.lulacafe.com/store/index905b.html]
[www.lulacafe.com/event-form/index.html]
[www.lulacafe.com/store/product/lula-dad-cap-1/index.html]
[www.lulacafe.com/store/product/yia-yia-onesie-1/index.html]
[www.lulacafe.com/store/indexcff1.html]
[images.getbento.com/accounts/7ddb4f625c4916181f9d829acbae6562/media/images/57968lula-product-1811d2.jpg]
[www.lulacafe.com/store/product/yia-yia-toddler-tee-1/index.html]
[images.getbento.com/accounts/7ddb4f625c4916181f9d829acbae6562/media/images/46908lula-product-1911d2.jpg]
[www.lulacafe.com/store/product/yia-yia-onesie-1/index.html]
[images.getbento.com/accounts/7ddb4f625c4916181f9d829acbae6562/media/images/51473lula-product-2611d2.jpg]
[images.getbento.com/accounts/7ddb4f625c4916181f9d829acbae6562/media/images/18356lula-product-27388a.jpg]
[images.getbento.com/accounts/7ddb4f625c4916181f9d829acbae6562/media/images/24651RachelHat388a.jpg]
[www.lulacafe.com/store/product/lula-dad-cap-1/index.html]
[www.lulacafe.com/store/indexcff1.html]
