[www.theogdenver.com/index.html]
[backblue.gif]
[fade.gif]
[index.html]
[media-cdn.getbento.com/accounts/3c10e657dc5f2aa01b55394e8376688a/media/images/60808fav-icon.png]
[images.getbento.com/accounts/3c10e657dc5f2aa01b55394e8376688a/media/images/850Logo_primary1dd2.jpg]
[wsv3cdn.audioeye.com/bootstrap1d46.js]
[theme-assets.getbento.com/sensei/dce48e2.sensei/assets/js/head.min.js]
[www.google.com/recaptcha/api99ca.js]
[connect.facebook.net/en_US/fbevents.js]
[images.getbento.com/accounts/3c10e657dc5f2aa01b55394e8376688a/media/images/850Logo_primary.png]
[images.getbento.com/accounts/3c10e657dc5f2aa01b55394e8376688a/media/images/79279logosticky.png]
[images.getbento.com/accounts/3c10e657dc5f2aa01b55394e8376688a/media/images/850Logo_primary7c0c.png]
[www.theogdenver.com/location/the-og-denver/index.html]
[www.theogdenver.com/menus/index.html]
[www.theogdenver.com/our-story/index.html]
[images.getbento.com/accounts/3c10e657dc5f2aa01b55394e8376688a/media/images/36130341-From-the-Hip-Photo388a.jpg]
[www.theogdenver.com/happenings/index.html]
[www.theogdenver.com/private-events/index.html]
[www.theogdenver.com/online-ordering/index.html]
[www.theogdenver.com/press/index.html]
[images.getbento.com/accounts/3c10e657dc5f2aa01b55394e8376688a/media/images/528090149-From-the-Hip-Photo388a.jpg]
[www.theogdenver.com/contact/index.html]
[images.getbento.com/accounts/3c10e657dc5f2aa01b55394e8376688a/media/images/900500268-From-the-Hip-Photo388a.jpg]
[images.getbento.com/accounts/3f36e5381aea5a5d231d61af7776a948/media/images/63492heroh1_full7c0c.png]
[images.getbento.com/accounts/3c10e657dc5f2aa01b55394e8376688a/media/images/22322Hosp_logoea15.png]
[theme-assets.getbento.com/sensei/dce48e2.sensei/assets/js/foot.libs.min.js]
[theme-assets.getbento.com/sensei/dce48e2.sensei/assets/js/bentobox.min.js]
[app-assets.getbento.com/alerts-component/7e64b3d/main.js]
[www.theogdenver.com/index.html]
[app-assets.getbento.com/analytics/a8b6087/bento-analytics.min.js]
[www.theogdenver.com/a/index.html]
[www.theogdenver.com/POST/index.html]
[www.theogdenver.com/schema.org/index.html]
[www.theogdenver.com/b.resolvedLink/index.html]
[connect.facebook.net/en_US/fbevents.js]
[www.googletagmanager.com/gtm5445.html]
[www.theogdenver.com/signals/iwl.js/index.html]
[images.getbento.com/accounts/3c10e657dc5f2aa01b55394e8376688a/media/images/777950007-From-the-Hip-Photo11d2.jpg]
[images.getbento.com/accounts/3c10e657dc5f2aa01b55394e8376688a/media/images/777950007-From-the-Hip-Photo388a.jpg]
[images.getbento.com/accounts/3c10e657dc5f2aa01b55394e8376688a/media/images/895690096-From-the-Hip-Photo388a.jpg]
[images.getbento.com/accounts/3c10e657dc5f2aa01b55394e8376688a/media/images/104910152-From-the-Hip-Photo388a.jpg]
[images.getbento.com/accounts/3c10e657dc5f2aa01b55394e8376688a/media/images/86820046-From-the-Hip-Photo388a.jpg]
[images.getbento.com/accounts/3c10e657dc5f2aa01b55394e8376688a/media/images/169450196-From-the-Hip-Photo388a.jpg]
[www.theogdenver.com/location/the-og-denver/index.html]
[images.getbento.com/accounts/3c10e657dc5f2aa01b55394e8376688a/media/images/44830237-From-the-Hip-Photo11d2.jpg]
[images.getbento.com/accounts/3c10e657dc5f2aa01b55394e8376688a/media/images/44830237-From-the-Hip-Photo388a.jpg]
[images.getbento.com/accounts/3c10e657dc5f2aa01b55394e8376688a/media/images/337960226-From-the-Hip-Photo388a.jpg]
[images.getbento.com/accounts/3c10e657dc5f2aa01b55394e8376688a/media/images/533260268-From-the-Hip-Photo388a.jpg]
[images.getbento.com/accounts/3c10e657dc5f2aa01b55394e8376688a/media/images/62691Skybridge_Rooftop_Deck__Plunge_Pool388a.jpg]
[images.getbento.com/accounts/3c10e657dc5f2aa01b55394e8376688a/media/images/427260273-From-the-Hip-Photo388a.jpg]
[images.getbento.com/accounts/3c10e657dc5f2aa01b55394e8376688a/media/images/598490243-From-the-Hip-Photo388a.jpg]
[www.theogdenver.com/menus/index.html]
[images.getbento.com/accounts/3c10e657dc5f2aa01b55394e8376688a/media/images/598490243-From-the-Hip-Photo11d2.jpg]
[images.getbento.com/accounts/3c10e657dc5f2aa01b55394e8376688a/media/images/94911Website_Header_Images388a.jpg]
[images.getbento.com/accounts/3c10e657dc5f2aa01b55394e8376688a/media/images/741020252-From-the-Hip-Photo388a.jpg]
[images.getbento.com/accounts/3c10e657dc5f2aa01b55394e8376688a/media/images/1317218180IMG_1266c15e.jpg]
[images.getbento.com/accounts/3c10e657dc5f2aa01b55394e8376688a/media/images/748160279-From-the-Hip-Photoc15e.jpg]
[images.getbento.com/accounts/3c10e657dc5f2aa01b55394e8376688a/media/images/87070330-From-the-Hip-Photoc15e.jpg]
[www.theogdenver.com/our-story/index.html]
[images.getbento.com/accounts/3c10e657dc5f2aa01b55394e8376688a/media/images/616930305-From-the-Hip-Photo_111d2.jpg]
[www.theogdenver.com/team-member/stephen-greer/index.html]
[www.theogdenver.com/team-member/edward-de-decker/index.html]
[images.getbento.com/accounts/3c10e657dc5f2aa01b55394e8376688a/media/images/616930305-From-the-Hip-Photo_1388a.jpg]
[images.getbento.com/accounts/3c10e657dc5f2aa01b55394e8376688a/media/images/9661Web_Header_1920_x_1080_px388a.jpg]
[www.theogdenver.com/event/hot-brunch-summer/index.html]
[images.getbento.com/accounts/3c10e657dc5f2aa01b55394e8376688a/media/images/13421Web_Header_5388a.jpg]
[www.theogdenver.com/happenings/index.html]
[www.theogdenver.com/event/the-denver-dugout/index.html]
[www.theogdenver.com/event/eat-drink-support-local/index.html]
[images.getbento.com/accounts/3c10e657dc5f2aa01b55394e8376688a/media/images/226340073-From-the-Hip-Photo_111d2.jpg]
[images.getbento.com/accounts/3c10e657dc5f2aa01b55394e8376688a/media/images/226340073-From-the-Hip-Photo_1388a.jpg]
[images.getbento.com/accounts/3c10e657dc5f2aa01b55394e8376688a/media/images/769060056-From-the-Hip-Photo388a.jpg]
[images.getbento.com/accounts/3c10e657dc5f2aa01b55394e8376688a/media/images/598330032-From-the-Hip-Photo388a.jpg]
[api.tripleseat.com/v1/leads/ts_script3b3b.js]
[www.theogdenver.com/private-events/index.html]
[ajax.googleapis.com/ajax/libs/webfont/1.6.26/webfont.js]
[rec.smartlook.com/recorder.js]
[www.theogdenver.com/online-ordering/index.html]
[app-assets.getbento.com/online-ordering/fccadfd/main_bundle.js]
[app-assets.getbento.com/online-ordering/fccadfd/vendors_bundle.js]
[images.getbento.com/accounts/3c10e657dc5f2aa01b55394e8376688a/media/images/598610149-From-the-Hip-Photo388a.jpg]
[images.getbento.com/accounts/3c10e657dc5f2aa01b55394e8376688a/media/images/7202Espress_Yourselfc15e.jpg]
[images.getbento.com/accounts/3c10e657dc5f2aa01b55394e8376688a/media/images/703940286-From-the-Hip-Photoc15e.jpg]
[images.getbento.com/accounts/3c10e657dc5f2aa01b55394e8376688a/media/images/93577Raspberry_Cheesecake_Horizontal-26-c15e.jpg]
[images.getbento.com/accounts/3c10e657dc5f2aa01b55394e8376688a/media/images/573880165-From-the-Hip-Photoc15e.jpg]
[images.getbento.com/accounts/3c10e657dc5f2aa01b55394e8376688a/media/images/664890225-From-the-Hip-Photoc15e.jpg]
[images.getbento.com/accounts/3c10e657dc5f2aa01b55394e8376688a/media/images/436010340-From-the-Hip-Photoc15e.jpg]
[images.getbento.com/accounts/3c10e657dc5f2aa01b55394e8376688a/media/images/25587IMG_3079_Largec15e.jpg]
[www.theogdenver.com/press/index.html]
[www.theogdenver.com/contact/index.html]
[www.theogdenver.com/news-item/og/index.html]
[www.theogdenver.com/news-item/about/index.html]
[www.theogdenver.com/news-item/private-events/index.html]
[www.theogdenver.com/a/index.html]
[www.theogdenver.com/POST/index.html]
[www.theogdenver.com/schema.org/index.html]
[www.theogdenver.com/b.resolvedLink/index.html]
[www.theogdenver.com/signals/iwl.js/index.html]
[www.theogdenver.com/team-member/edward-de-decker/index.html]
[www.theogdenver.com/team-member/stephen-greer/index.html]
[images.getbento.com/accounts/3c10e657dc5f2aa01b55394e8376688a/media/images/9661Web_Header_1920_x_1080_px11d2.jpg]
[www.theogdenver.com/event/hot-brunch-summer/index.html]
[www.theogdenver.com/press/index905b.html]
[images.getbento.com/accounts/3c10e657dc5f2aa01b55394e8376688a/media/images/13421Web_Header_511d2.jpg]
[www.theogdenver.com/event/the-denver-dugout/index.html]
[images.getbento.com/accounts/3c10e657dc5f2aa01b55394e8376688a/media/images/528090149-From-the-Hip-Photo11d2.jpg]
[www.theogdenver.com/event/eat-drink-support-local/index.html]
[images.getbento.com/accounts/3c10e657dc5f2aa01b55394e8376688a/media/images/90879OG_Sliders-2c15e.jpg]
[images.getbento.com/accounts/3c10e657dc5f2aa01b55394e8376688a/media/images/4041IMG_2743_copyc15e.jpg]
[images.getbento.com/accounts/3c10e657dc5f2aa01b55394e8376688a/media/images/15898IMG_2386_1c15e.jpg]
[images.getbento.com/accounts/3c10e657dc5f2aa01b55394e8376688a/media/images/40478Herb_and_Peppercorn_Crusted_Prime_Ribc15e.jpg]
[images.getbento.com/accounts/3c10e657dc5f2aa01b55394e8376688a/media/images/59975Stroganoff_Poutinec15e.jpg]
[images.getbento.com/accounts/3c10e657dc5f2aa01b55394e8376688a/media/images/66014168484844_225638862672482_8850028960902818828_nc15e.jpg]
[images.getbento.com/accounts/3c10e657dc5f2aa01b55394e8376688a/media/images/67014Fathers-Day-Verticalc15e.jpg]
[images.getbento.com/accounts/3c10e657dc5f2aa01b55394e8376688a/media/images/75268plazac15e.jpg]
[www.theogdenver.com/press/index905b.html]
[www.theogdenver.com/press/index2207.html]
[images.getbento.com/accounts/3c10e657dc5f2aa01b55394e8376688a/media/images/116270199-From-the-Hip-Photoc15e.jpg]
[www.theogdenver.com/press/indexcff1.html]
[images.getbento.com/accounts/3c10e657dc5f2aa01b55394e8376688a/media/images/74684OG_Sliders-17c15e.jpg]
[images.getbento.com/accounts/3c10e657dc5f2aa01b55394e8376688a/media/images/83680MCGREGORSQUARE-12c15e.jpg]
[images.getbento.com/accounts/3c10e657dc5f2aa01b55394e8376688a/media/images/265650040-From-the-Hip-Photoc15e.jpg]
[images.getbento.com/accounts/3c10e657dc5f2aa01b55394e8376688a/media/images/39104Short_Rib_Stroganoffc15e.jpg]
[images.getbento.com/accounts/3c10e657dc5f2aa01b55394e8376688a/media/images/1115402912A0B-F1E0-4EA5-B0D0-FC2F15A82A6Bc15e.jpg]
[www.theogdenver.com/press/index2207.html]
[www.theogdenver.com/press/indexcff1.html]
[www.theogdenver.com/press/index5c7e.html]
[images.getbento.com/accounts/3c10e657dc5f2aa01b55394e8376688a/media/images/8485301A16C96-F356-48D8-B2E8-EAADF614418Fc15e.jpg]
[www.theogdenver.com/press/index5c7e.html]
